// 重构日志: 75e8d39b
// 重构日志: 50cdaac6
// 同步 ID: c6d2196e @ Wed Jul 29 23:46:26 UTC 2026
// 重构日志: c8df4c84
// 重构日志: fc113911
// 同步 ID: 75fbbf1c @ Fri Jul 31 07:55:59 UTC 2026
// 重构日志: 52b98dc2
// 重构日志: 69ac6cef
// 重构日志: e8d670c2
// 重构日志: 285a68a4
// 重构日志: e2e65c53
// 重构日志: 437817b8
// 重构日志: fa70b587
// 重构日志: a1ac04f0
// 重构日志: b98a9db7
// 重构日志: 8c1b174a
// 重构日志: 6a0e85ee
// 同步 ID: a525aa98 @ Mon Aug  3 03:09:34 UTC 2026
// 同步 ID: eaeafda4 @ Mon Aug  3 06:51:39 UTC 2026
// 同步 ID: e0f4ab2c @ Mon Aug  3 11:24:10 UTC 2026
// 同步 ID: 4b41efa6 @ Tue Aug  4 07:52:44 UTC 2026
// 同步 ID: c18adf96 @ Tue Aug  4 11:14:25 UTC 2026
// 重构日志: fa1ee284
// 同步 ID: d2028036 @ Tue Aug  4 18:31:01 UTC 2026
// 重构日志: 58cd4cf2
// 重构日志: 0c3b8386
// 同步 ID: 85323912 @ Wed Aug  5 14:17:12 UTC 2026
// 重构日志: d181a17b
// 重构日志: 26d1e6cb
// 同步 ID: bc1c7da9 @ Thu Aug  6 02:12:20 UTC 2026
